Archive member included to satisfy reference by file (symbol)

c:/program files (x86)/arm gnu toolchain arm-none-eabi/12.2 rel1/bin/../lib/gcc/arm-none-eabi/12.2.1/thumb/v7-m/nofp\libc_nano.a(libc_a-exit.o)
                              c:/program files (x86)/arm gnu toolchain arm-none-eabi/12.2 rel1/bin/../lib/gcc/arm-none-eabi/12.2.1/thumb/v7-m/nofp/crt0.o (exit)
c:/program files (x86)/arm gnu toolchain arm-none-eabi/12.2 rel1/bin/../lib/gcc/arm-none-eabi/12.2.1/thumb/v7-m/nofp\libc_nano.a(libc_a-findfp.o)
                              c:/program files (x86)/arm gnu toolchain arm-none-eabi/12.2 rel1/bin/../lib/gcc/arm-none-eabi/12.2.1/thumb/v7-m/nofp\libc_nano.a(libc_a-exit.o) (__stdio_exit_handler)
c:/program files (x86)/arm gnu toolchain arm-none-eabi/12.2 rel1/bin/../lib/gcc/arm-none-eabi/12.2.1/thumb/v7-m/nofp\libc_nano.a(libc_a-fwalk.o)
                              c:/program files (x86)/arm gnu toolchain arm-none-eabi/12.2 rel1/bin/../lib/gcc/arm-none-eabi/12.2.1/thumb/v7-m/nofp\libc_nano.a(libc_a-findfp.o) (_fwalk_sglue)
c:/program files (x86)/arm gnu toolchain arm-none-eabi/12.2 rel1/bin/../lib/gcc/arm-none-eabi/12.2.1/thumb/v7-m/nofp\libc_nano.a(libc_a-stdio.o)
                              c:/program files (x86)/arm gnu toolchain arm-none-eabi/12.2 rel1/bin/../lib/gcc/arm-none-eabi/12.2.1/thumb/v7-m/nofp\libc_nano.a(libc_a-findfp.o) (__sread)
c:/program files (x86)/arm gnu toolchain arm-none-eabi/12.2 rel1/bin/../lib/gcc/arm-none-eabi/12.2.1/thumb/v7-m/nofp\libc_nano.a(libc_a-memset.o)
                              c:/program files (x86)/arm gnu toolchain arm-none-eabi/12.2 rel1/bin/../lib/gcc/arm-none-eabi/12.2.1/thumb/v7-m/nofp/crt0.o (memset)
c:/program files (x86)/arm gnu toolchain arm-none-eabi/12.2 rel1/bin/../lib/gcc/arm-none-eabi/12.2.1/thumb/v7-m/nofp\libc_nano.a(libc_a-closer.o)
                              c:/program files (x86)/arm gnu toolchain arm-none-eabi/12.2 rel1/bin/../lib/gcc/arm-none-eabi/12.2.1/thumb/v7-m/nofp\libc_nano.a(libc_a-stdio.o) (_close_r)
c:/program files (x86)/arm gnu toolchain arm-none-eabi/12.2 rel1/bin/../lib/gcc/arm-none-eabi/12.2.1/thumb/v7-m/nofp\libc_nano.a(libc_a-reent.o)
                              c:/program files (x86)/arm gnu toolchain arm-none-eabi/12.2 rel1/bin/../lib/gcc/arm-none-eabi/12.2.1/thumb/v7-m/nofp\libc_nano.a(libc_a-closer.o) (errno)
c:/program files (x86)/arm gnu toolchain arm-none-eabi/12.2 rel1/bin/../lib/gcc/arm-none-eabi/12.2.1/thumb/v7-m/nofp\libc_nano.a(libc_a-impure.o)
                              c:/program files (x86)/arm gnu toolchain arm-none-eabi/12.2 rel1/bin/../lib/gcc/arm-none-eabi/12.2.1/thumb/v7-m/nofp\libc_nano.a(libc_a-reent.o) (_impure_ptr)
c:/program files (x86)/arm gnu toolchain arm-none-eabi/12.2 rel1/bin/../lib/gcc/arm-none-eabi/12.2.1/thumb/v7-m/nofp\libc_nano.a(libc_a-lseekr.o)
                              c:/program files (x86)/arm gnu toolchain arm-none-eabi/12.2 rel1/bin/../lib/gcc/arm-none-eabi/12.2.1/thumb/v7-m/nofp\libc_nano.a(libc_a-stdio.o) (_lseek_r)
c:/program files (x86)/arm gnu toolchain arm-none-eabi/12.2 rel1/bin/../lib/gcc/arm-none-eabi/12.2.1/thumb/v7-m/nofp\libc_nano.a(libc_a-readr.o)
                              c:/program files (x86)/arm gnu toolchain arm-none-eabi/12.2 rel1/bin/../lib/gcc/arm-none-eabi/12.2.1/thumb/v7-m/nofp\libc_nano.a(libc_a-stdio.o) (_read_r)
c:/program files (x86)/arm gnu toolchain arm-none-eabi/12.2 rel1/bin/../lib/gcc/arm-none-eabi/12.2.1/thumb/v7-m/nofp\libc_nano.a(libc_a-writer.o)
                              c:/program files (x86)/arm gnu toolchain arm-none-eabi/12.2 rel1/bin/../lib/gcc/arm-none-eabi/12.2.1/thumb/v7-m/nofp\libc_nano.a(libc_a-stdio.o) (_write_r)
c:/program files (x86)/arm gnu toolchain arm-none-eabi/12.2 rel1/bin/../lib/gcc/arm-none-eabi/12.2.1/thumb/v7-m/nofp\libc_nano.a(libc_a-init.o)
                              c:/program files (x86)/arm gnu toolchain arm-none-eabi/12.2 rel1/bin/../lib/gcc/arm-none-eabi/12.2.1/thumb/v7-m/nofp/crt0.o (__libc_init_array)
c:/program files (x86)/arm gnu toolchain arm-none-eabi/12.2 rel1/bin/../lib/gcc/arm-none-eabi/12.2.1/thumb/v7-m/nofp\libc_nano.a(libc_a-lock.o)
                              c:/program files (x86)/arm gnu toolchain arm-none-eabi/12.2 rel1/bin/../lib/gcc/arm-none-eabi/12.2.1/thumb/v7-m/nofp\libc_nano.a(libc_a-findfp.o) (__retarget_lock_init_recursive)
c:/program files (x86)/arm gnu toolchain arm-none-eabi/12.2 rel1/bin/../lib/gcc/arm-none-eabi/12.2.1/thumb/v7-m/nofp\libc_nano.a(libc_a-freer.o)
                              c:/program files (x86)/arm gnu toolchain arm-none-eabi/12.2 rel1/bin/../lib/gcc/arm-none-eabi/12.2.1/thumb/v7-m/nofp\libc_nano.a(libc_a-reent.o) (_free_r)
c:/program files (x86)/arm gnu toolchain arm-none-eabi/12.2 rel1/bin/../lib/gcc/arm-none-eabi/12.2.1/thumb/v7-m/nofp\libc_nano.a(libc_a-mallocr.o)
[...]
Memory Configuration

Name             Origin             Length             Attributes
RAM              0x20000000         0x0000c000         xrw
FLASH            0x08000000         0x00040000         xr
*default*        0x00000000         0xffffffff

Linker script and memory map

LOAD c:/program files (x86)/arm gnu toolchain arm-none-eabi/12.2 rel1/bin/../lib/gcc/arm-none-eabi/12.2.1/thumb/v7-m/nofp/crti.o
LOAD c:/program files (x86)/arm gnu toolchain arm-none-eabi/12.2 rel1/bin/../lib/gcc/arm-none-eabi/12.2.1/thumb/v7-m/nofp/crtbegin.o
LOAD c:/program files (x86)/arm gnu toolchain arm-none-eabi/12.2 rel1/bin/../lib/gcc/arm-none-eabi/12.2.1/thumb/v7-m/nofp/crt0.o
LOAD build/main.o
LOAD build/gpio.o
LOAD build/stm32f1xx_it.o
LOAD build/stm32f1xx_hal_msp.o
LOAD build/stm32f1xx_hal_gpio_ex.o
LOAD build/stm32f1xx_hal_tim.o
LOAD build/stm32f1xx_hal_tim_ex.o
LOAD build/stm32f1xx_hal.o
LOAD build/stm32f1xx_hal_rcc.o
LOAD build/stm32f1xx_hal_rcc_ex.o
LOAD build/stm32f1xx_hal_gpio.o
LOAD build/stm32f1xx_hal_dma.o
LOAD build/stm32f1xx_hal_cortex.o
LOAD build/stm32f1xx_hal_pwr.o
LOAD build/stm32f1xx_hal_flash.o
LOAD build/stm32f1xx_hal_flash_ex.o
LOAD build/stm32f1xx_hal_exti.o
LOAD build/system_stm32f1xx.o
LOAD build/startup_stm32f103xe.o
LOAD c:/program files (x86)/arm gnu toolchain arm-none-eabi/12.2 rel1/bin/../lib/gcc/arm-none-eabi/12.2.1/thumb/v7-m/nofp\libc_nano.a
LOAD c:/program files (x86)/arm gnu toolchain arm-none-eabi/12.2 rel1/bin/../lib/gcc/arm-none-eabi/12.2.1/thumb/v7-m/nofp\libm.a
LOAD c:/program files (x86)/arm gnu toolchain arm-none-eabi/12.2 rel1/bin/../lib/gcc/arm-none-eabi/12.2.1/thumb/v7-m/nofp\libnosys.a
START GROUP
LOAD c:/program files (x86)/arm gnu toolchain arm-none-eabi/12.2 rel1/bin/../lib/gcc/arm-none-eabi/12.2.1/thumb/v7-m/nofp\libgcc.a
LOAD c:/program files (x86)/arm gnu toolchain arm-none-eabi/12.2 rel1/bin/../lib/gcc/arm-none-eabi/12.2.1/thumb/v7-m/nofp\libc_nano.a
END GROUP
START GROUP
LOAD c:/program files (x86)/arm gnu toolchain arm-none-eabi/12.2 rel1/bin/../lib/gcc/arm-none-eabi/12.2.1/thumb/v7-m/nofp\libgcc.a
LOAD c:/program files (x86)/arm gnu toolchain arm-none-eabi/12.2 rel1/bin/../lib/gcc/arm-none-eabi/12.2.1/thumb/v7-m/nofp\libc_nano.a
END GROUP
LOAD c:/program files (x86)/arm gnu toolchain arm-none-eabi/12.2 rel1/bin/../lib/gcc/arm-none-eabi/12.2.1/thumb/v7-m/nofp/crtend.o
LOAD c:/program files (x86)/arm gnu toolchain arm-none-eabi/12.2 rel1/bin/../lib/gcc/arm-none-eabi/12.2.1/thumb/v7-m/nofp/crtn.o
                0x2000c000                _estack = (ORIGIN (RAM) + LENGTH (RAM))
                0x00000400                _Min_Heap_Size = 0x400
                0x00000400                _Min_Stack_Size = 0x400

.isr_vector     0x08000000      0x1e4
                0x08000000                . = ALIGN (0x4)
 *(.isr_vector)
 .isr_vector    0x08000000      0x1e4 build/startup_stm32f103xe.o
                0x08000000                g_pfnVectors
                0x080001e4                . = ALIGN (0x4)

.text           0x080001e4      0xc70
                0x080001e4                . = ALIGN (0x4)
 *(.text)
 *(.text*)
 .text.deregister_tm_clones
                0x080001e4       0x1c c:/program files (x86)/arm gnu toolchain arm-none-eabi/12.2 rel1/bin/../lib/gcc/arm-none-eabi/12.2.1/thumb/v7-m/nofp/crtbegin.o
 .text.register_tm_clones
                0x08000200       0x24 c:/program files (x86)/arm gnu toolchain arm-none-eabi/12.2 rel1/bin/../lib/gcc/arm-none-eabi/12.2.1/thumb/v7-m/nofp/crtbegin.o
 .text.__do_global_dtors_aux
                0x08000224       0x28 c:/program files (x86)/arm gnu toolchain arm-none-eabi/12.2 rel1/bin/../lib/gcc/arm-none-eabi/12.2.1/thumb/v7-m/nofp/crtbegin.o
 .text.frame_dummy
                0x0800024c       0x24 c:/program files (x86)/arm gnu toolchain arm-none-eabi/12.2 rel1/bin/../lib/gcc/arm-none-eabi/12.2.1/thumb/v7-m/nofp/crtbegin.o
 .text.Error_Handler
                0x08000270        0x4 build/main.o
                0x08000270                Error_Handler
 .text.SystemClock_Config
                0x08000274       0x52 build/main.o
                0x08000274                SystemClock_Config
 *fill*         0x080002c6        0x2 
 .text.main     0x080002c8       0x24 build/main.o
                0x080002c8                main
 .text.MX_GPIO_Init
                0x080002ec       0x68 build/gpio.o
                0x080002ec                MX_GPIO_Init
 .text.NMI_Handler
                0x08000354        0x2 build/stm32f1xx_it.o
                0x08000354                NMI_Handler
 .text.HardFault_Handler
                0x08000356        0x2 build/stm32f1xx_it.o
                0x08000356                HardFault_Handler
 .text.MemManage_Handler
                0x08000358        0x2 build/stm32f1xx_it.o
                0x08000358                MemManage_Handler
 .text.BusFault_Handler
                0x0800035a        0x2 build/stm32f1xx_it.o
                0x0800035a                BusFault_Handler
 .text.UsageFault_Handler
                0x0800035c        0x2 build/stm32f1xx_it.o
                0x0800035c                UsageFault_Handler
 .text.SVC_Handler
                0x0800035e        0x2 build/stm32f1xx_it.o
                0x0800035e                SVC_Handler
 .text.DebugMon_Handler
                0x08000360        0x2 build/stm32f1xx_it.o
                0x08000360                DebugMon_Handler
 .text.PendSV_Handler
                0x08000362        0x2 build/stm32f1xx_it.o
                0x08000362                PendSV_Handler
 .text.SysTick_Handler
                0x08000364        0x8 build/stm32f1xx_it.o
                0x08000364                SysTick_Handler
 .text.HAL_MspInit
                0x0800036c       0x44 build/stm32f1xx_hal_msp.o
                0x0800036c                HAL_MspInit
 .text.HAL_InitTick
                0x080003b0       0x4c build/stm32f1xx_hal.o
                0x080003b0                HAL_InitTick
 .text.HAL_Init
                0x080003fc       0x24 build/stm32f1xx_hal.o
                0x080003fc                HAL_Init
 .text.HAL_IncTick
                0x08000420       0x18 build/stm32f1xx_hal.o
                0x08000420                HAL_IncTick
 .text.HAL_GetTick
                0x08000438        0xc build/stm32f1xx_hal.o
                0x08000438                HAL_GetTick
 .text.HAL_Delay
                0x08000444       0x28 build/stm32f1xx_hal.o
                0x08000444                HAL_Delay
 .text.RCC_Delay
                0x0800046c       0x2c build/stm32f1xx_hal_rcc.o
 .text.HAL_RCC_OscConfig
                0x08000498      0x410 build/stm32f1xx_hal_rcc.o
                0x08000498                HAL_RCC_OscConfig
 .text.HAL_RCC_GetSysClockFreq
                0x080008a8       0x54 build/stm32f1xx_hal_rcc.o
                0x080008a8                HAL_RCC_GetSysClockFreq
 .text.HAL_RCC_ClockConfig
                0x080008fc      0x16c build/stm32f1xx_hal_rcc.o
                0x080008fc                HAL_RCC_ClockConfig
 .text.HAL_GPIO_Init
                0x08000a68      0x238 build/stm32f1xx_hal_gpio.o
                0x08000a68                HAL_GPIO_Init
 .text.HAL_GPIO_WritePin
                0x08000ca0        0xc build/stm32f1xx_hal_gpio.o
                0x08000ca0                HAL_GPIO_WritePin
 .text.HAL_GPIO_TogglePin
                0x08000cac       0x12 build/stm32f1xx_hal_gpio.o
                0x08000cac                HAL_GPIO_TogglePin
 *fill*         0x08000cbe        0x2 
 .text.__NVIC_SetPriority
                0x08000cc0       0x28 build/stm32f1xx_hal_cortex.o
 .text.NVIC_EncodePriority
                0x08000ce8       0x3e build/stm32f1xx_hal_cortex.o
 *fill*         0x08000d26        0x2 
 .text.HAL_NVIC_SetPriorityGrouping
                0x08000d28       0x24 build/stm32f1xx_hal_cortex.o
                0x08000d28                HAL_NVIC_SetPriorityGrouping
 .text.HAL_NVIC_SetPriority
                0x08000d4c       0x20 build/stm32f1xx_hal_cortex.o
                0x08000d4c                HAL_NVIC_SetPriority
 .text.HAL_SYSTICK_Config
                0x08000d6c       0x28 build/stm32f1xx_hal_cortex.o
                0x08000d6c                HAL_SYSTICK_Config
 .text.SystemInit
                0x08000d94        0x2 build/system_stm32f1xx.o
                0x08000d94                SystemInit
 *fill*         0x08000d96        0x2 
 .text.Reset_Handler
                0x08000d98       0x48 build/startup_stm32f103xe.o
                0x08000d98                Reset_Handler
 .text.Default_Handler
                0x08000de0        0x2 build/startup_stm32f103xe.o
                0x08000de0                RTC_Alarm_IRQHandler
                0x08000de0                EXTI2_IRQHandler
                0x08000de0                TIM8_TRG_COM_IRQHandler
                0x08000de0                TIM8_CC_IRQHandler
                0x08000de0                TIM1_CC_IRQHandler
                0x08000de0                TIM6_IRQHandler
                0x08000de0                PVD_IRQHandler
                0x08000de0                SDIO_IRQHandler
                0x08000de0                EXTI3_IRQHandler
                0x08000de0                EXTI0_IRQHandler
                0x08000de0                I2C2_EV_IRQHandler
                0x08000de0                ADC1_2_IRQHandler
                0x08000de0                SPI1_IRQHandler
                0x08000de0                TAMPER_IRQHandler
                0x08000de0                TIM8_UP_IRQHandler
                0x08000de0                DMA2_Channel2_IRQHandler
                0x08000de0                DMA1_Channel4_IRQHandler
                0x08000de0                USART3_IRQHandler
                0x08000de0                RTC_IRQHandler
                0x08000de0                DMA1_Channel7_IRQHandler
                0x08000de0                CAN1_RX1_IRQHandler
                0x08000de0                UART5_IRQHandler
                0x08000de0                ADC3_IRQHandler
                0x08000de0                TIM4_IRQHandler
                0x08000de0                DMA2_Channel1_IRQHandler
                0x08000de0                I2C1_EV_IRQHandler
                0x08000de0                DMA1_Channel6_IRQHandler
                0x08000de0                UART4_IRQHandler
                0x08000de0                TIM3_IRQHandler
                0x08000de0                RCC_IRQHandler
                0x08000de0                TIM1_TRG_COM_IRQHandler
                0x08000de0                DMA1_Channel1_IRQHandler
                0x08000de0                Default_Handler
                0x08000de0                EXTI15_10_IRQHandler
                0x08000de0                TIM7_IRQHandler
                0x08000de0                TIM5_IRQHandler
                0x08000de0                EXTI9_5_IRQHandler
                0x08000de0                SPI2_IRQHandler
                0x08000de0                DMA1_Channel5_IRQHandler
                0x08000de0                EXTI4_IRQHandler
                0x08000de0                USB_LP_CAN1_RX0_IRQHandler
                0x08000de0                USB_HP_CAN1_TX_IRQHandler
                0x08000de0                DMA1_Channel3_IRQHandler
                0x08000de0                FSMC_IRQHandler
                0x08000de0                TIM1_UP_IRQHandler
                0x08000de0                WWDG_IRQHandler
                0x08000de0                TIM2_IRQHandler
                0x08000de0                TIM1_BRK_IRQHandler
                0x08000de0                EXTI1_IRQHandler
                0x08000de0                DMA2_Channel4_5_IRQHandler
                0x08000de0                USART2_IRQHandler
                0x08000de0                I2C2_ER_IRQHandler
                0x08000de0                DMA1_Channel2_IRQHandler
                0x08000de0                TIM8_BRK_IRQHandler
                0x08000de0                CAN1_SCE_IRQHandler
                0x08000de0                FLASH_IRQHandler
                0x08000de0                USART1_IRQHandler
                0x08000de0                SPI3_IRQHandler
                0x08000de0                I2C1_ER_IRQHandler
                0x08000de0                USBWakeUp_IRQHandler
                0x08000de0                DMA2_Channel3_IRQHandler
 .text.memset   0x08000de2       0x10 c:/program files (x86)/arm gnu toolchain arm-none-eabi/12.2 rel1/bin/../lib/gcc/arm-none-eabi/12.2.1/thumb/v7-m/nofp\libc_nano.a(libc_a-memset.o)
                0x08000de2                memset
 *fill*         0x08000df2        0x2 
 .text.__libc_init_array
                0x08000df4       0x48 c:/program files (x86)/arm gnu toolchain arm-none-eabi/12.2 rel1/bin/../lib/gcc/arm-none-eabi/12.2.1/thumb/v7-m/nofp\libc_nano.a(libc_a-init.o)
                0x08000df4                __libc_init_array
 *(.glue_7)
 .glue_7        0x08000e3c        0x0 linker stubs
 *(.glue_7t)
 .glue_7t       0x08000e3c        0x0 linker stubs
 *(.eh_frame)
 .eh_frame      0x08000e3c        0x0 c:/program files (x86)/arm gnu toolchain arm-none-eabi/12.2 rel1/bin/../lib/gcc/arm-none-eabi/12.2.1/thumb/v7-m/nofp/crtbegin.o
 *(.init)
 .init          0x08000e3c        0x4 c:/program files (x86)/arm gnu toolchain arm-none-eabi/12.2 rel1/bin/../lib/gcc/arm-none-eabi/12.2.1/thumb/v7-m/nofp/crti.o
                0x08000e3c                _init
 .init          0x08000e40        0x8 c:/program files (x86)/arm gnu toolchain arm-none-eabi/12.2 rel1/bin/../lib/gcc/arm-none-eabi/12.2.1/thumb/v7-m/nofp/crtn.o
 *(.fini)
 .fini          0x08000e48        0x4 c:/program files (x86)/arm gnu toolchain arm-none-eabi/12.2 rel1/bin/../lib/gcc/arm-none-eabi/12.2.1/thumb/v7-m/nofp/crti.o
                0x08000e48                _fini
 .fini          0x08000e4c        0x8 c:/program files (x86)/arm gnu toolchain arm-none-eabi/12.2 rel1/bin/../lib/gcc/arm-none-eabi/12.2.1/thumb/v7-m/nofp/crtn.o
                0x08000e54                . = ALIGN (0x4)
                0x08000e54                _etext = .

.vfp11_veneer   0x08000e54        0x0
 .vfp11_veneer  0x08000e54        0x0 linker stubs

.v4_bx          0x08000e54        0x0
 .v4_bx         0x08000e54        0x0 linker stubs

.iplt           0x08000e54        0x0
 .iplt          0x08000e54        0x0 c:/program files (x86)/arm gnu toolchain arm-none-eabi/12.2 rel1/bin/../lib/gcc/arm-none-eabi/12.2.1/thumb/v7-m/nofp/crtbegin.o

.rodata         0x08000e54       0x24
                0x08000e54                . = ALIGN (0x4)
 *(.rodata)
 *(.rodata*)
 .rodata.aPredivFactorTable.0
                0x08000e54        0x2 build/stm32f1xx_hal_rcc.o
 *fill*         0x08000e56        0x2 
 .rodata.aPLLMULFactorTable.1
                0x08000e58       0x10 build/stm32f1xx_hal_rcc.o
 .rodata.AHBPrescTable
                0x08000e68       0x10 build/system_stm32f1xx.o
                0x08000e68                AHBPrescTable
                0x08000e78                . = ALIGN (0x4)

.rel.dyn        0x08000e78        0x0
 .rel.iplt      0x08000e78        0x0 c:/program files (x86)/arm gnu toolchain arm-none-eabi/12.2 rel1/bin/../lib/gcc/arm-none-eabi/12.2.1/thumb/v7-m/nofp/crtbegin.o

.ARM.extab
 *(.ARM.extab* .gnu.linkonce.armextab.*)

.ARM            0x08000e78        0x0
                0x08000e78                __exidx_start = .
 *(.ARM.exidx*)
                0x08000e78                __exidx_end = .

.preinit_array  0x08000e78        0x0
                0x08000e78                PROVIDE (__preinit_array_start = .)
 *(.preinit_array*)
                0x08000e78                PROVIDE (__preinit_array_end = .)

.init_array     0x08000e78        0x4
                0x08000e78                PROVIDE (__init_array_start = .)
 *(SORT_BY_NAME(.init_array.*))
 *(.init_array*)
 .init_array    0x08000e78        0x4 c:/program files (x86)/arm gnu toolchain arm-none-eabi/12.2 rel1/bin/../lib/gcc/arm-none-eabi/12.2.1/thumb/v7-m/nofp/crtbegin.o
                0x08000e7c                PROVIDE (__init_array_end = .)

.fini_array     0x08000e7c        0x4
                [!provide]                PROVIDE (__fini_array_start = .)
 *(SORT_BY_NAME(.fini_array.*))
 *(.fini_array*)
 .fini_array    0x08000e7c        0x4 c:/program files (x86)/arm gnu toolchain arm-none-eabi/12.2 rel1/bin/../lib/gcc/arm-none-eabi/12.2.1/thumb/v7-m/nofp/crtbegin.o
                [!provide]                PROVIDE (__fini_array_end = .)
                0x08000e80                _sidata = LOADADDR (.data)

.data           0x20000000        0xc load address 0x08000e80
                0x20000000                . = ALIGN (0x4)
                0x20000000                _sdata = .
 *(.data)
 *(.data*)
 .data.uwTickFreq
                0x20000000        0x1 build/stm32f1xx_hal.o
                0x20000000                uwTickFreq
 *fill*         0x20000001        0x3 
 .data.uwTickPrio
                0x20000004        0x4 build/stm32f1xx_hal.o
                0x20000004                uwTickPrio
 .data.SystemCoreClock
                0x20000008        0x4 build/system_stm32f1xx.o
                0x20000008                SystemCoreClock
                0x2000000c                . = ALIGN (0x4)
                0x2000000c                _edata = .

.tm_clone_table
                0x2000000c        0x0 load address 0x08000e8c
 .tm_clone_table
                0x2000000c        0x0 c:/program files (x86)/arm gnu toolchain arm-none-eabi/12.2 rel1/bin/../lib/gcc/arm-none-eabi/12.2.1/thumb/v7-m/nofp/crtbegin.o
 .tm_clone_table
                0x2000000c        0x0 c:/program files (x86)/arm gnu toolchain arm-none-eabi/12.2 rel1/bin/../lib/gcc/arm-none-eabi/12.2.1/thumb/v7-m/nofp/crtend.o

.igot.plt       0x2000000c        0x0 load address 0x08000e8c
 .igot.plt      0x2000000c        0x0 c:/program files (x86)/arm gnu toolchain arm-none-eabi/12.2 rel1/bin/../lib/gcc/arm-none-eabi/12.2.1/thumb/v7-m/nofp/crtbegin.o
                0x2000000c                . = ALIGN (0x4)

.bss            0x2000000c       0x20 load address 0x08000e8c
                0x2000000c                _sbss = .
                0x2000000c                __bss_start__ = _sbss
 *(.bss)
 *(.bss*)
 .bss.completed.1
                0x2000000c        0x1 c:/program files (x86)/arm gnu toolchain arm-none-eabi/12.2 rel1/bin/../lib/gcc/arm-none-eabi/12.2.1/thumb/v7-m/nofp/crtbegin.o
 *fill*         0x2000000d        0x3 
 .bss.object.0  0x20000010       0x18 c:/program files (x86)/arm gnu toolchain arm-none-eabi/12.2 rel1/bin/../lib/gcc/arm-none-eabi/12.2.1/thumb/v7-m/nofp/crtbegin.o
 .bss.uwTick    0x20000028        0x4 build/stm32f1xx_hal.o
                0x20000028                uwTick
 *(COMMON)
                0x2000002c                . = ALIGN (0x4)
                0x2000002c                _ebss = .
                0x2000002c                __bss_end__ = _ebss

._user_heap_stack
                0x2000002c      0x804 load address 0x08000e8c
                0x20000030                . = ALIGN (0x8)
 *fill*         0x2000002c        0x4 
                0x20000030                PROVIDE (end = .)
                [!provide]                PROVIDE (_end = .)
                0x20000430                . = (. + _Min_Heap_Size)
 *fill*         0x20000030      0x400 
                0x20000830                . = (. + _Min_Stack_Size)
 *fill*         0x20000430      0x400 
                0x20000830                . = ALIGN (0x8)

/DISCARD/
 libc.a(*)
 libm.a(*)
 libgcc.a(*)

.ARM.attributes
                0x00000000       0x29
 *(.ARM.attributes)
 .ARM.attributes
                0x00000000       0x1d c:/program files (x86)/arm gnu toolchain arm-none-eabi/12.2 rel1/bin/../lib/gcc/arm-none-eabi/12.2.1/thumb/v7-m/nofp/crti.o
 .ARM.attributes
                0x0000001d       0x2d c:/program files (x86)/arm gnu toolchain arm-none-eabi/12.2 rel1/bin/../lib/gcc/arm-none-eabi/12.2.1/thumb/v7-m/nofp/crtbegin.o
 .ARM.attributes
                0x0000004a       0x2d build/main.o
 .ARM.attributes
                0x00000077       0x2d build/gpio.o
 .ARM.attributes
                0x000000a4       0x2d build/stm32f1xx_it.o
 .ARM.attributes
                0x000000d1       0x2d build/stm32f1xx_hal_msp.o
 .ARM.attributes
                0x000000fe       0x2d build/stm32f1xx_hal.o
 .ARM.attributes
                0x0000012b       0x2d build/stm32f1xx_hal_rcc.o
 .ARM.attributes
                0x00000158       0x2d build/stm32f1xx_hal_gpio.o
 .ARM.attributes
                0x00000185       0x2d build/stm32f1xx_hal_cortex.o
 .ARM.attributes
                0x000001b2       0x2d build/system_stm32f1xx.o
 .ARM.attributes
                0x000001df       0x21 build/startup_stm32f103xe.o
 .ARM.attributes
                0x00000200       0x2d c:/program files (x86)/arm gnu toolchain arm-none-eabi/12.2 rel1/bin/../lib/gcc/arm-none-eabi/12.2.1/thumb/v7-m/nofp\libc_nano.a(libc_a-memset.o)
 .ARM.attributes
                0x0000022d       0x2d c:/program files (x86)/arm gnu toolchain arm-none-eabi/12.2 rel1/bin/../lib/gcc/arm-none-eabi/12.2.1/thumb/v7-m/nofp\libc_nano.a(libc_a-init.o)
 .ARM.attributes
                0x0000025a       0x2d c:/program files (x86)/arm gnu toolchain arm-none-eabi/12.2 rel1/bin/../lib/gcc/arm-none-eabi/12.2.1/thumb/v7-m/nofp/crtend.o
 .ARM.attributes
                0x00000287       0x1d c:/program files (x86)/arm gnu toolchain arm-none-eabi/12.2 rel1/bin/../lib/gcc/arm-none-eabi/12.2.1/thumb/v7-m/nofp/crtn.o
OUTPUT(build/Blinky.elf elf32-littlearm)
LOAD linker stubs
LOAD c:/program files (x86)/arm gnu toolchain arm-none-eabi/12.2 rel1/bin/../lib/gcc/arm-none-eabi/12.2.1/thumb/v7-m/nofp\libc.a
LOAD c:/program files (x86)/arm gnu toolchain arm-none-eabi/12.2 rel1/bin/../lib/gcc/arm-none-eabi/12.2.1/thumb/v7-m/nofp\libm.a
LOAD c:/program files (x86)/arm gnu toolchain arm-none-eabi/12.2 rel1/bin/../lib/gcc/arm-none-eabi/12.2.1/thumb/v7-m/nofp\libgcc.a

.debug_info     0x00000000     0x372f
 .debug_info    0x00000000      0x47a build/main.o
 .debug_info    0x0000047a      0x341 build/gpio.o
 .debug_info    0x000007bb      0x158 build/stm32f1xx_it.o
 .debug_info    0x00000913      0x238 build/stm32f1xx_hal_msp.o
 .debug_info    0x00000b4b      0x8e6 build/stm32f1xx_hal.o
 .debug_info    0x00001431      0xb10 build/stm32f1xx_hal_rcc.o
 .debug_info    0x00001f41      0x6d7 build/stm32f1xx_hal_gpio.o
 .debug_info    0x00002618      0xe79 build/stm32f1xx_hal_cortex.o
 .debug_info    0x00003491      0x26e build/system_stm32f1xx.o
 .debug_info    0x000036ff       0x30 build/startup_stm32f103xe.o

.debug_abbrev   0x00000000     0x10fd
 .debug_abbrev  0x00000000      0x217 build/main.o
 .debug_abbrev  0x00000217      0x14e build/gpio.o
 .debug_abbrev  0x00000365       0x80 build/stm32f1xx_it.o
 .debug_abbrev  0x000003e5       0xe7 build/stm32f1xx_hal_msp.o
 .debug_abbrev  0x000004cc      0x232 build/stm32f1xx_hal.o
 .debug_abbrev  0x000006fe      0x2d6 build/stm32f1xx_hal_rcc.o
 .debug_abbrev  0x000009d4      0x222 build/stm32f1xx_hal_gpio.o
 .debug_abbrev  0x00000bf6      0x3aa build/stm32f1xx_hal_cortex.o
 .debug_abbrev  0x00000fa0      0x140 build/system_stm32f1xx.o
 .debug_abbrev  0x000010e0       0x1d build/startup_stm32f103xe.o

.debug_loc      0x00000000     0x182d
 .debug_loc     0x00000000       0x66 build/main.o
 .debug_loc     0x00000066       0x38 build/gpio.o
 .debug_loc     0x0000009e       0x20 build/stm32f1xx_it.o
 .debug_loc     0x000000be       0x41 build/stm32f1xx_hal_msp.o
 .debug_loc     0x000000ff      0x1e1 build/stm32f1xx_hal.o
 .debug_loc     0x000002e0      0x790 build/stm32f1xx_hal_rcc.o
 .debug_loc     0x00000a70      0x53c build/stm32f1xx_hal_gpio.o
 .debug_loc     0x00000fac      0x782 build/stm32f1xx_hal_cortex.o
 .debug_loc     0x0000172e       0xff build/system_stm32f1xx.o

.debug_aranges  0x00000000      0x3a8
 .debug_aranges
                0x00000000       0x30 build/main.o
 .debug_aranges
                0x00000030       0x20 build/gpio.o
 .debug_aranges
                0x00000050       0x60 build/stm32f1xx_it.o
 .debug_aranges
                0x000000b0       0x20 build/stm32f1xx_hal_msp.o
 .debug_aranges
                0x000000d0       0xe0 build/stm32f1xx_hal.o
 .debug_aranges
                0x000001b0       0x90 build/stm32f1xx_hal_rcc.o
 .debug_aranges
                0x00000240       0x58 build/stm32f1xx_hal_gpio.o
 .debug_aranges
                0x00000298       0xc0 build/stm32f1xx_hal_cortex.o
 .debug_aranges
                0x00000358       0x28 build/system_stm32f1xx.o
 .debug_aranges
                0x00000380       0x28 build/startup_stm32f103xe.o

.debug_ranges   0x00000000      0x330
 .debug_ranges  0x00000000       0x20 build/main.o
 .debug_ranges  0x00000020       0x10 build/gpio.o
 .debug_ranges  0x00000030       0x50 build/stm32f1xx_it.o
 .debug_ranges  0x00000080       0x10 build/stm32f1xx_hal_msp.o
 .debug_ranges  0x00000090       0xd0 build/stm32f1xx_hal.o
 .debug_ranges  0x00000160       0xa0 build/stm32f1xx_hal_rcc.o
 .debug_ranges  0x00000200       0x48 build/stm32f1xx_hal_gpio.o
 .debug_ranges  0x00000248       0xb0 build/stm32f1xx_hal_cortex.o
 .debug_ranges  0x000002f8       0x18 build/system_stm32f1xx.o
 .debug_ranges  0x00000310       0x20 build/startup_stm32f103xe.o

.debug_line     0x00000000     0x2855
 .debug_line    0x00000000      0x307 build/main.o
 .debug_line    0x00000307      0x1cc build/gpio.o
 .debug_line    0x000004d3      0x177 build/stm32f1xx_it.o
 .debug_line    0x0000064a      0x17c build/stm32f1xx_hal_msp.o
 .debug_line    0x000007c6      0x52e build/stm32f1xx_hal.o
 .debug_line    0x00000cf4      0xc16 build/stm32f1xx_hal_rcc.o
 .debug_line    0x0000190a      0x5bf build/stm32f1xx_hal_gpio.o
 .debug_line    0x00001ec9      0x6d1 build/stm32f1xx_hal_cortex.o
 .debug_line    0x0000259a      0x246 build/system_stm32f1xx.o
 .debug_line    0x000027e0       0x75 build/startup_stm32f103xe.o

.debug_str      0x00000000     0x131d
 .debug_str     0x00000000      0x319 build/main.o
                                0x366 (size before relaxing)
 .debug_str     0x00000319       0xcc build/gpio.o
                                0x247 (size before relaxing)
 .debug_str     0x000003e5       0xb4 build/stm32f1xx_it.o
                                0x1de (size before relaxing)
 .debug_str     0x00000499       0x57 build/stm32f1xx_hal_msp.o
                                0x1db (size before relaxing)
 .debug_str     0x000004f0      0x6d7 build/stm32f1xx_hal.o
                                0x8ce (size before relaxing)
 .debug_str     0x00000bc7      0x217 build/stm32f1xx_hal_rcc.o
                                0x5e7 (size before relaxing)
 .debug_str     0x00000dde      0x106 build/stm32f1xx_hal_gpio.o
                                0x3bc (size before relaxing)
 .debug_str     0x00000ee4      0x3b8 build/stm32f1xx_hal_cortex.o
                                0x973 (size before relaxing)
 .debug_str     0x0000129c       0x4f build/system_stm32f1xx.o
                                0x210 (size before relaxing)
 .debug_str     0x000012eb       0x32 build/startup_stm32f103xe.o
                                 0x47 (size before relaxing)

.comment        0x00000000       0x45
 .comment       0x00000000       0x45 build/main.o
                                 0x46 (size before relaxing)
 .comment       0x00000045       0x46 build/gpio.o
 .comment       0x00000045       0x46 build/stm32f1xx_it.o
 .comment       0x00000045       0x46 build/stm32f1xx_hal_msp.o
 .comment       0x00000045       0x46 build/stm32f1xx_hal.o
 .comment       0x00000045       0x46 build/stm32f1xx_hal_rcc.o
 .comment       0x00000045       0x46 build/stm32f1xx_hal_gpio.o
 .comment       0x00000045       0x46 build/stm32f1xx_hal_cortex.o
 .comment       0x00000045       0x46 build/system_stm32f1xx.o

.debug_frame    0x00000000      0x7a4
 .debug_frame   0x00000000       0x58 build/main.o
 .debug_frame   0x00000058       0x30 build/gpio.o
 .debug_frame   0x00000088       0xa8 build/stm32f1xx_it.o
 .debug_frame   0x00000130       0x28 build/stm32f1xx_hal_msp.o
 .debug_frame   0x00000158      0x1cc build/stm32f1xx_hal.o
 .debug_frame   0x00000324      0x184 build/stm32f1xx_hal_rcc.o
 .debug_frame   0x000004a8       0xe4 build/stm32f1xx_hal_gpio.o
 .debug_frame   0x0000058c      0x19c build/stm32f1xx_hal_cortex.o
 .debug_frame   0x00000728       0x30 build/system_stm32f1xx.o
 .debug_frame   0x00000758       0x20 c:/program files (x86)/arm gnu toolchain arm-none-eabi/12.2 rel1/bin/../lib/gcc/arm-none-eabi/12.2.1/thumb/v7-m/nofp\libc_nano.a(libc_a-memset.o)
 .debug_frame   0x00000778       0x2c c:/program files (x86)/arm gnu toolchain arm-none-eabi/12.2 rel1/bin/../lib/gcc/arm-none-eabi/12.2.1/thumb/v7-m/nofp\libc_nano.a(libc_a-init.o)

Cross Reference Table

Symbol                                            File
ADC1_2_IRQHandler                                 build/startup_stm32f103xe.o
ADC3_IRQHandler                                   build/startup_stm32f103xe.o
AHBPrescTable                                     build/system_stm32f1xx.o
                                                  build/stm32f1xx_hal_rcc.o
APBPrescTable                                     build/system_stm32f1xx.o
                                                  build/stm32f1xx_hal_rcc.o
BusFault_Handler                                  build/stm32f1xx_it.o
CAN1_RX1_IRQHandler                               build/startup_stm32f103xe.o
CAN1_SCE_IRQHandler                               build/startup_stm32f103xe.o
DMA1_Channel1_IRQHandler                          build/startup_stm32f103xe.o
DMA1_Channel2_IRQHandler                          build/startup_stm32f103xe.o
DMA1_Channel3_IRQHandler                          build/startup_stm32f103xe.o
DMA1_Channel4_IRQHandler                          build/startup_stm32f103xe.o
DMA1_Channel5_IRQHandler                          build/startup_stm32f103xe.o
DMA1_Channel6_IRQHandler                          build/startup_stm32f103xe.o
DMA1_Channel7_IRQHandler                          build/startup_stm32f103xe.o
DMA2_Channel1_IRQHandler                          build/startup_stm32f103xe.o
DMA2_Channel2_IRQHandler                          build/startup_stm32f103xe.o
DMA2_Channel3_IRQHandler                          build/startup_stm32f103xe.o
DMA2_Channel4_5_IRQHandler                        build/startup_stm32f103xe.o
DebugMon_Handler                                  build/stm32f1xx_it.o
Default_Handler                                   build/startup_stm32f103xe.o
EXTI0_IRQHandler                                  build/startup_stm32f103xe.o
EXTI15_10_IRQHandler                              build/startup_stm32f103xe.o
EXTI1_IRQHandler                                  build/startup_stm32f103xe.o
EXTI2_IRQHandler                                  build/startup_stm32f103xe.o
EXTI3_IRQHandler                                  build/startup_stm32f103xe.o
EXTI4_IRQHandler                                  build/startup_stm32f103xe.o
EXTI9_5_IRQHandler                                build/startup_stm32f103xe.o
Error_Handler                                     build/main.o
FLASH_IRQHandler                                  build/startup_stm32f103xe.o
FLASH_PageErase                                   build/stm32f1xx_hal_flash_ex.o
                                                  build/stm32f1xx_hal_flash.o
FLASH_WaitForLastOperation                        build/stm32f1xx_hal_flash.o
                                                  build/stm32f1xx_hal_flash_ex.o
FSMC_IRQHandler                                   build/startup_stm32f103xe.o
HAL_DBGMCU_DisableDBGSleepMode                    build/stm32f1xx_hal.o
HAL_DBGMCU_DisableDBGStandbyMode                  build/stm32f1xx_hal.o
HAL_DBGMCU_DisableDBGStopMode                     build/stm32f1xx_hal.o
HAL_DBGMCU_EnableDBGSleepMode                     build/stm32f1xx_hal.o
HAL_DBGMCU_EnableDBGStandbyMode                   build/stm32f1xx_hal.o
HAL_DBGMCU_EnableDBGStopMode                      build/stm32f1xx_hal.o
HAL_DMA_Abort                                     build/stm32f1xx_hal_dma.o
HAL_DMA_Abort_IT                                  build/stm32f1xx_hal_dma.o
HAL_DMA_DeInit                                    build/stm32f1xx_hal_dma.o
HAL_DMA_GetError                                  build/stm32f1xx_hal_dma.o
HAL_DMA_GetState                                  build/stm32f1xx_hal_dma.o
HAL_DMA_IRQHandler                                build/stm32f1xx_hal_dma.o
HAL_DMA_Init                                      build/stm32f1xx_hal_dma.o
HAL_DMA_PollForTransfer                           build/stm32f1xx_hal_dma.o
HAL_DMA_RegisterCallback                          build/stm32f1xx_hal_dma.o
HAL_DMA_Start                                     build/stm32f1xx_hal_dma.o
HAL_DMA_Start_IT                                  build/stm32f1xx_hal_dma.o
HAL_DMA_UnRegisterCallback                        build/stm32f1xx_hal_dma.o
HAL_DeInit                                        build/stm32f1xx_hal.o
HAL_Delay                                         build/stm32f1xx_hal.o
                                                  build/main.o
HAL_EXTI_ClearConfigLine                          build/stm32f1xx_hal_exti.o
HAL_EXTI_ClearPending                             build/stm32f1xx_hal_exti.o
HAL_EXTI_GenerateSWI                              build/stm32f1xx_hal_exti.o
HAL_EXTI_GetConfigLine                            build/stm32f1xx_hal_exti.o
HAL_EXTI_GetHandle                                build/stm32f1xx_hal_exti.o
HAL_EXTI_GetPending                               build/stm32f1xx_hal_exti.o
HAL_EXTI_IRQHandler                               build/stm32f1xx_hal_exti.o
HAL_EXTI_RegisterCallback                         build/stm32f1xx_hal_exti.o
HAL_EXTI_SetConfigLine                            build/stm32f1xx_hal_exti.o
HAL_FLASHEx_Erase                                 build/stm32f1xx_hal_flash_ex.o
HAL_FLASHEx_Erase_IT                              build/stm32f1xx_hal_flash_ex.o
HAL_FLASHEx_OBErase                               build/stm32f1xx_hal_flash_ex.o
HAL_FLASHEx_OBGetConfig                           build/stm32f1xx_hal_flash_ex.o
HAL_FLASHEx_OBGetUserData                         build/stm32f1xx_hal_flash_ex.o
HAL_FLASHEx_OBProgram                             build/stm32f1xx_hal_flash_ex.o
HAL_FLASH_EndOfOperationCallback                  build/stm32f1xx_hal_flash.o
HAL_FLASH_GetError                                build/stm32f1xx_hal_flash.o
HAL_FLASH_IRQHandler                              build/stm32f1xx_hal_flash.o
HAL_FLASH_Lock                                    build/stm32f1xx_hal_flash.o
HAL_FLASH_OB_Launch                               build/stm32f1xx_hal_flash.o
HAL_FLASH_OB_Lock                                 build/stm32f1xx_hal_flash.o
HAL_FLASH_OB_Unlock                               build/stm32f1xx_hal_flash.o
HAL_FLASH_OperationErrorCallback                  build/stm32f1xx_hal_flash.o
HAL_FLASH_Program                                 build/stm32f1xx_hal_flash.o
HAL_FLASH_Program_IT                              build/stm32f1xx_hal_flash.o
HAL_FLASH_Unlock                                  build/stm32f1xx_hal_flash.o
HAL_GPIOEx_ConfigEventout                         build/stm32f1xx_hal_gpio_ex.o
HAL_GPIOEx_DisableEventout                        build/stm32f1xx_hal_gpio_ex.o
HAL_GPIOEx_EnableEventout                         build/stm32f1xx_hal_gpio_ex.o
HAL_GPIO_DeInit                                   build/stm32f1xx_hal_gpio.o
HAL_GPIO_EXTI_Callback                            build/stm32f1xx_hal_gpio.o
HAL_GPIO_EXTI_IRQHandler                          build/stm32f1xx_hal_gpio.o
HAL_GPIO_Init                                     build/stm32f1xx_hal_gpio.o
                                                  build/stm32f1xx_hal_rcc.o
                                                  build/gpio.o
HAL_GPIO_LockPin                                  build/stm32f1xx_hal_gpio.o
HAL_GPIO_ReadPin                                  build/stm32f1xx_hal_gpio.o
HAL_GPIO_TogglePin                                build/stm32f1xx_hal_gpio.o
                                                  build/main.o
HAL_GPIO_WritePin                                 build/stm32f1xx_hal_gpio.o
                                                  build/gpio.o
HAL_GetDEVID                                      build/stm32f1xx_hal.o
HAL_GetHalVersion                                 build/stm32f1xx_hal.o
HAL_GetREVID                                      build/stm32f1xx_hal.o
HAL_GetTick                                       build/stm32f1xx_hal.o
                                                  build/stm32f1xx_hal_flash.o
                                                  build/stm32f1xx_hal_dma.o
                                                  build/stm32f1xx_hal_rcc_ex.o
                                                  build/stm32f1xx_hal_rcc.o
HAL_GetTickFreq                                   build/stm32f1xx_hal.o
HAL_GetTickPrio                                   build/stm32f1xx_hal.o
HAL_GetUIDw0                                      build/stm32f1xx_hal.o
HAL_GetUIDw1                                      build/stm32f1xx_hal.o
HAL_GetUIDw2                                      build/stm32f1xx_hal.o
HAL_IncTick                                       build/stm32f1xx_hal.o
                                                  build/stm32f1xx_it.o
HAL_Init                                          build/stm32f1xx_hal.o
                                                  build/main.o
HAL_InitTick                                      build/stm32f1xx_hal.o
                                                  build/stm32f1xx_hal_rcc.o
HAL_MspDeInit                                     build/stm32f1xx_hal.o
HAL_MspInit                                       build/stm32f1xx_hal_msp.o
HAL_NVIC_ClearPendingIRQ                          build/stm32f1xx_hal_cortex.o
HAL_NVIC_DisableIRQ                               build/stm32f1xx_hal_cortex.o
HAL_NVIC_EnableIRQ                                build/stm32f1xx_hal_cortex.o
HAL_NVIC_GetActive                                build/stm32f1xx_hal_cortex.o
HAL_NVIC_GetPendingIRQ                            build/stm32f1xx_hal_cortex.o
HAL_NVIC_GetPriority                              build/stm32f1xx_hal_cortex.o
HAL_NVIC_GetPriorityGrouping                      build/stm32f1xx_hal_cortex.o
HAL_NVIC_SetPendingIRQ                            build/stm32f1xx_hal_cortex.o
HAL_NVIC_SetPriority                              build/stm32f1xx_hal_cortex.o
                                                  build/stm32f1xx_hal.o
HAL_NVIC_SetPriorityGrouping                      build/stm32f1xx_hal_cortex.o
                                                  build/stm32f1xx_hal.o
HAL_NVIC_SystemReset                              build/stm32f1xx_hal_cortex.o
                                                  build/stm32f1xx_hal_flash.o
HAL_PWR_ConfigPVD                                 build/stm32f1xx_hal_pwr.o
HAL_PWR_DeInit                                    build/stm32f1xx_hal_pwr.o
HAL_PWR_DisableBkUpAccess                         build/stm32f1xx_hal_pwr.o
HAL_PWR_DisablePVD                                build/stm32f1xx_hal_pwr.o
HAL_PWR_DisableSEVOnPend                          build/stm32f1xx_hal_pwr.o
HAL_PWR_DisableSleepOnExit                        build/stm32f1xx_hal_pwr.o
HAL_PWR_DisableWakeUpPin                          build/stm32f1xx_hal_pwr.o
HAL_PWR_EnableBkUpAccess                          build/stm32f1xx_hal_pwr.o
HAL_PWR_EnablePVD                                 build/stm32f1xx_hal_pwr.o
HAL_PWR_EnableSEVOnPend                           build/stm32f1xx_hal_pwr.o
HAL_PWR_EnableSleepOnExit                         build/stm32f1xx_hal_pwr.o
HAL_PWR_EnableWakeUpPin                           build/stm32f1xx_hal_pwr.o
HAL_PWR_EnterSLEEPMode                            build/stm32f1xx_hal_pwr.o
HAL_PWR_EnterSTANDBYMode                          build/stm32f1xx_hal_pwr.o
HAL_PWR_EnterSTOPMode                             build/stm32f1xx_hal_pwr.o
HAL_PWR_PVDCallback                               build/stm32f1xx_hal_pwr.o
HAL_PWR_PVD_IRQHandler                            build/stm32f1xx_hal_pwr.o
HAL_RCCEx_GetPeriphCLKConfig                      build/stm32f1xx_hal_rcc_ex.o
HAL_RCCEx_GetPeriphCLKFreq                        build/stm32f1xx_hal_rcc_ex.o
HAL_RCCEx_PeriphCLKConfig                         build/stm32f1xx_hal_rcc_ex.o
HAL_RCC_CSSCallback                               build/stm32f1xx_hal_rcc.o
HAL_RCC_ClockConfig                               build/stm32f1xx_hal_rcc.o
                                                  build/main.o
HAL_RCC_DeInit                                    build/stm32f1xx_hal_rcc.o
HAL_RCC_DisableCSS                                build/stm32f1xx_hal_rcc.o
HAL_RCC_EnableCSS                                 build/stm32f1xx_hal_rcc.o
HAL_RCC_GetClockConfig                            build/stm32f1xx_hal_rcc.o
HAL_RCC_GetHCLKFreq                               build/stm32f1xx_hal_rcc.o
HAL_RCC_GetOscConfig                              build/stm32f1xx_hal_rcc.o
HAL_RCC_GetPCLK1Freq                              build/stm32f1xx_hal_rcc.o
HAL_RCC_GetPCLK2Freq                              build/stm32f1xx_hal_rcc.o
                                                  build/stm32f1xx_hal_rcc_ex.o
HAL_RCC_GetSysClockFreq                           build/stm32f1xx_hal_rcc.o
                                                  build/stm32f1xx_hal_rcc_ex.o
HAL_RCC_MCOConfig                                 build/stm32f1xx_hal_rcc.o
HAL_RCC_NMI_IRQHandler                            build/stm32f1xx_hal_rcc.o
HAL_RCC_OscConfig                                 build/stm32f1xx_hal_rcc.o
                                                  build/main.o
HAL_ResumeTick                                    build/stm32f1xx_hal.o
HAL_SYSTICK_CLKSourceConfig                       build/stm32f1xx_hal_cortex.o
HAL_SYSTICK_Callback                              build/stm32f1xx_hal_cortex.o
HAL_SYSTICK_Config                                build/stm32f1xx_hal_cortex.o
                                                  build/stm32f1xx_hal.o
HAL_SYSTICK_IRQHandler                            build/stm32f1xx_hal_cortex.o
HAL_SetTickFreq                                   build/stm32f1xx_hal.o
HAL_SuspendTick                                   build/stm32f1xx_hal.o
HardFault_Handler                                 build/stm32f1xx_it.o
I2C1_ER_IRQHandler                                build/startup_stm32f103xe.o
I2C1_EV_IRQHandler                                build/startup_stm32f103xe.o
I2C2_ER_IRQHandler                                build/startup_stm32f103xe.o
I2C2_EV_IRQHandler                                build/startup_stm32f103xe.o
MX_GPIO_Init                                      build/gpio.o
                                                  build/main.o
MemManage_Handler                                 build/stm32f1xx_it.o
NMI_Handler                                       build/stm32f1xx_it.o
PVD_IRQHandler                                    build/startup_stm32f103xe.o
PendSV_Handler                                    build/stm32f1xx_it.o
RCC_IRQHandler                                    build/startup_stm32f103xe.o
RTC_Alarm_IRQHandler                              build/startup_stm32f103xe.o
RTC_IRQHandler                                    build/startup_stm32f103xe.o
Reset_Handler                                     build/startup_stm32f103xe.o
SDIO_IRQHandler                                   build/startup_stm32f103xe.o
SPI1_IRQHandler                                   build/startup_stm32f103xe.o
SPI2_IRQHandler                                   build/startup_stm32f103xe.o
SPI3_IRQHandler                                   build/startup_stm32f103xe.o
SVC_Handler                                       build/stm32f1xx_it.o
SysTick_Handler                                   build/stm32f1xx_it.o
SystemClock_Config                                build/main.o
SystemCoreClock                                   build/system_stm32f1xx.o
                                                  build/stm32f1xx_hal_rcc.o
                                                  build/stm32f1xx_hal.o
SystemCoreClockUpdate                             build/system_stm32f1xx.o
SystemInit                                        build/system_stm32f1xx.o
                                                  build/startup_stm32f103xe.o
TAMPER_IRQHandler                                 build/startup_stm32f103xe.o
TIM1_BRK_IRQHandler                               build/startup_stm32f103xe.o
TIM1_CC_IRQHandler                                build/startup_stm32f103xe.o
TIM1_TRG_COM_IRQHandler                           build/startup_stm32f103xe.o
TIM1_UP_IRQHandler                                build/startup_stm32f103xe.o
TIM2_IRQHandler                                   build/startup_stm32f103xe.o
TIM3_IRQHandler                                   build/startup_stm32f103xe.o
TIM4_IRQHandler                                   build/startup_stm32f103xe.o
TIM5_IRQHandler                                   build/startup_stm32f103xe.o
TIM6_IRQHandler                                   build/startup_stm32f103xe.o
TIM7_IRQHandler                                   build/startup_stm32f103xe.o
TIM8_BRK_IRQHandler                               build/startup_stm32f103xe.o
TIM8_CC_IRQHandler                                build/startup_stm32f103xe.o
TIM8_TRG_COM_IRQHandler                           build/startup_stm32f103xe.o
TIM8_UP_IRQHandler                                build/startup_stm32f103xe.o
UART4_IRQHandler                                  build/startup_stm32f103xe.o
UART5_IRQHandler                                  build/startup_stm32f103xe.o
USART1_IRQHandler                                 build/startup_stm32f103xe.o
USART2_IRQHandler                                 build/startup_stm32f103xe.o
USART3_IRQHandler                                 build/startup_stm32f103xe.o
USBWakeUp_IRQHandler                              build/startup_stm32f103xe.o
USB_HP_CAN1_TX_IRQHandler                         build/startup_stm32f103xe.o
USB_LP_CAN1_RX0_IRQHandler                        build/startup_stm32f103xe.o
UsageFault_Handler                                build/stm32f1xx_it.o
WWDG_IRQHandler                                   build/startup_stm32f103xe.o
_ITM_deregisterTMCloneTable                       c:/program files (x86)/arm gnu toolchain arm-none-eabi/12.2 rel1/bin/../lib/gcc/arm-none-eabi/12.2.1/thumb/v7-m/nofp/crtbegin.o
_ITM_registerTMCloneTable                         c:/program files (x86)/arm gnu toolchain arm-none-eabi/12.2 rel1/bin/../lib/gcc/arm-none-eabi/12.2.1/thumb/v7-m/nofp/crtbegin.o
__TMC_END__                                       c:/program files (x86)/arm gnu toolchain arm-none-eabi/12.2 rel1/bin/../lib/gcc/arm-none-eabi/12.2.1/thumb/v7-m/nofp/crtend.o
                                                  c:/program files (x86)/arm gnu toolchain arm-none-eabi/12.2 rel1/bin/../lib/gcc/arm-none-eabi/12.2.1/thumb/v7-m/nofp/crtbegin.o
__bss_end__                                       c:/program files (x86)/arm gnu toolchain arm-none-eabi/12.2 rel1/bin/../lib/gcc/arm-none-eabi/12.2.1/thumb/v7-m/nofp/crt0.o
__bss_start__                                     c:/program files (x86)/arm gnu toolchain arm-none-eabi/12.2 rel1/bin/../lib/gcc/arm-none-eabi/12.2.1/thumb/v7-m/nofp/crt0.o
__call_exitprocs                                  c:/program files (x86)/arm gnu toolchain arm-none-eabi/12.2 rel1/bin/../lib/gcc/arm-none-eabi/12.2.1/thumb/v7-m/nofp\libc_nano.a(libc_a-exit.o)
__deregister_frame_info                           c:/program files (x86)/arm gnu toolchain arm-none-eabi/12.2 rel1/bin/../lib/gcc/arm-none-eabi/12.2.1/thumb/v7-m/nofp/crtbegin.o
__dso_handle                                      c:/program files (x86)/arm gnu toolchain arm-none-eabi/12.2 rel1/bin/../lib/gcc/arm-none-eabi/12.2.1/thumb/v7-m/nofp/crtbegin.o
__fp_lock_all                                     c:/program files (x86)/arm gnu toolchain arm-none-eabi/12.2 rel1/bin/../lib/gcc/arm-none-eabi/12.2.1/thumb/v7-m/nofp\libc_nano.a(libc_a-findfp.o)
__fp_unlock_all                                   c:/program files (x86)/arm gnu toolchain arm-none-eabi/12.2 rel1/bin/../lib/gcc/arm-none-eabi/12.2.1/thumb/v7-m/nofp\libc_nano.a(libc_a-findfp.o)
__init_array_end                                  c:/program files (x86)/arm gnu toolchain arm-none-eabi/12.2 rel1/bin/../lib/gcc/arm-none-eabi/12.2.1/thumb/v7-m/nofp\libc_nano.a(libc_a-init.o)
__init_array_start                                c:/program files (x86)/arm gnu toolchain arm-none-eabi/12.2 rel1/bin/../lib/gcc/arm-none-eabi/12.2.1/thumb/v7-m/nofp\libc_nano.a(libc_a-init.o)
__libc_fini_array                                 c:/program files (x86)/arm gnu toolchain arm-none-eabi/12.2 rel1/bin/../lib/gcc/arm-none-eabi/12.2.1/thumb/v7-m/nofp/crt0.o
__libc_init_array                                 c:/program files (x86)/arm gnu toolchain arm-none-eabi/12.2 rel1/bin/../lib/gcc/arm-none-eabi/12.2.1/thumb/v7-m/nofp\libc_nano.a(libc_a-init.o)
                                                  build/startup_stm32f103xe.o
                                                  c:/program files (x86)/arm gnu toolchain arm-none-eabi/12.2 rel1/bin/../lib/gcc/arm-none-eabi/12.2.1/thumb/v7-m/nofp/crt0.o
__lock___arc4random_mutex                         c:/program files (x86)/arm gnu toolchain arm-none-eabi/12.2 rel1/bin/../lib/gcc/arm-none-eabi/12.2.1/thumb/v7-m/nofp\libc_nano.a(libc_a-lock.o)
__lock___at_quick_exit_mutex                      c:/program files (x86)/arm gnu toolchain arm-none-eabi/12.2 rel1/bin/../lib/gcc/arm-none-eabi/12.2.1/thumb/v7-m/nofp\libc_nano.a(libc_a-lock.o)
__lock___atexit_recursive_mutex                   c:/program files (x86)/arm gnu toolchain arm-none-eabi/12.2 rel1/bin/../lib/gcc/arm-none-eabi/12.2.1/thumb/v7-m/nofp\libc_nano.a(libc_a-lock.o)
__lock___dd_hash_mutex                            c:/program files (x86)/arm gnu toolchain arm-none-eabi/12.2 rel1/bin/../lib/gcc/arm-none-eabi/12.2.1/thumb/v7-m/nofp\libc_nano.a(libc_a-lock.o)
__lock___env_recursive_mutex                      c:/program files (x86)/arm gnu toolchain arm-none-eabi/12.2 rel1/bin/../lib/gcc/arm-none-eabi/12.2.1/thumb/v7-m/nofp\libc_nano.a(libc_a-lock.o)
__lock___malloc_recursive_mutex                   c:/program files (x86)/arm gnu toolchain arm-none-eabi/12.2 rel1/bin/../lib/gcc/arm-none-eabi/12.2.1/thumb/v7-m/nofp\libc_nano.a(libc_a-lock.o)
                                                  c:/program files (x86)/arm gnu toolchain arm-none-eabi/12.2 rel1/bin/../lib/gcc/arm-none-eabi/12.2.1/thumb/v7-m/nofp\libc_nano.a(libc_a-mlock.o)
__lock___sfp_recursive_mutex                      c:/program files (x86)/arm gnu toolchain arm-none-eabi/12.2 rel1/bin/../lib/gcc/arm-none-eabi/12.2.1/thumb/v7-m/nofp\libc_nano.a(libc_a-lock.o)
                                                  c:/program files (x86)/arm gnu toolchain arm-none-eabi/12.2 rel1/bin/../lib/gcc/arm-none-eabi/12.2.1/thumb/v7-m/nofp\libc_nano.a(libc_a-findfp.o)
__lock___tz_mutex                                 c:/program files (x86)/arm gnu toolchain arm-none-eabi/12.2 rel1/bin/../lib/gcc/arm-none-eabi/12.2.1/thumb/v7-m/nofp\libc_nano.a(libc_a-lock.o)
__malloc_free_list                                c:/program files (x86)/arm gnu toolchain arm-none-eabi/12.2 rel1/bin/../lib/gcc/arm-none-eabi/12.2.1/thumb/v7-m/nofp\libc_nano.a(libc_a-mallocr.o)
                                                  c:/program files (x86)/arm gnu toolchain arm-none-eabi/12.2 rel1/bin/../lib/gcc/arm-none-eabi/12.2.1/thumb/v7-m/nofp\libc_nano.a(libc_a-freer.o)
__malloc_lock                                     c:/program files (x86)/arm gnu toolchain arm-none-eabi/12.2 rel1/bin/../lib/gcc/arm-none-eabi/12.2.1/thumb/v7-m/nofp\libc_nano.a(libc_a-mlock.o)
                                                  c:/program files (x86)/arm gnu toolchain arm-none-eabi/12.2 rel1/bin/../lib/gcc/arm-none-eabi/12.2.1/thumb/v7-m/nofp\libc_nano.a(libc_a-mallocr.o)
                                                  c:/program files (x86)/arm gnu toolchain arm-none-eabi/12.2 rel1/bin/../lib/gcc/arm-none-eabi/12.2.1/thumb/v7-m/nofp\libc_nano.a(libc_a-freer.o)
__malloc_sbrk_start                               c:/program files (x86)/arm gnu toolchain arm-none-eabi/12.2 rel1/bin/../lib/gcc/arm-none-eabi/12.2.1/thumb/v7-m/nofp\libc_nano.a(libc_a-mallocr.o)
__malloc_unlock                                   c:/program files (x86)/arm gnu toolchain arm-none-eabi/12.2 rel1/bin/../lib/gcc/arm-none-eabi/12.2.1/thumb/v7-m/nofp\libc_nano.a(libc_a-mlock.o)
                                                  c:/program files (x86)/arm gnu toolchain arm-none-eabi/12.2 rel1/bin/../lib/gcc/arm-none-eabi/12.2.1/thumb/v7-m/nofp\libc_nano.a(libc_a-mallocr.o)
                                                  c:/program files (x86)/arm gnu toolchain arm-none-eabi/12.2 rel1/bin/../lib/gcc/arm-none-eabi/12.2.1/thumb/v7-m/nofp\libc_nano.a(libc_a-freer.o)
__preinit_array_end                               c:/program files (x86)/arm gnu toolchain arm-none-eabi/12.2 rel1/bin/../lib/gcc/arm-none-eabi/12.2.1/thumb/v7-m/nofp\libc_nano.a(libc_a-init.o)
__preinit_array_start                             c:/program files (x86)/arm gnu toolchain arm-none-eabi/12.2 rel1/bin/../lib/gcc/arm-none-eabi/12.2.1/thumb/v7-m/nofp\libc_nano.a(libc_a-init.o)
__register_frame_info                             c:/program files (x86)/arm gnu toolchain arm-none-eabi/12.2 rel1/bin/../lib/gcc/arm-none-eabi/12.2.1/thumb/v7-m/nofp/crtbegin.o
__retarget_lock_acquire                           c:/program files (x86)/arm gnu toolchain arm-none-eabi/12.2 rel1/bin/../lib/gcc/arm-none-eabi/12.2.1/thumb/v7-m/nofp\libc_nano.a(libc_a-lock.o)
__retarget_lock_acquire_recursive                 c:/program files (x86)/arm gnu toolchain arm-none-eabi/12.2 rel1/bin/../lib/gcc/arm-none-eabi/12.2.1/thumb/v7-m/nofp\libc_nano.a(libc_a-lock.o)
                                                  c:/program files (x86)/arm gnu toolchain arm-none-eabi/12.2 rel1/bin/../lib/gcc/arm-none-eabi/12.2.1/thumb/v7-m/nofp\libc_nano.a(libc_a-fflush.o)
                                                  c:/program files (x86)/arm gnu toolchain arm-none-eabi/12.2 rel1/bin/../lib/gcc/arm-none-eabi/12.2.1/thumb/v7-m/nofp\libc_nano.a(libc_a-mlock.o)
                                                  c:/program files (x86)/arm gnu toolchain arm-none-eabi/12.2 rel1/bin/../lib/gcc/arm-none-eabi/12.2.1/thumb/v7-m/nofp\libc_nano.a(libc_a-findfp.o)
__retarget_lock_close                             c:/program files (x86)/arm gnu toolchain arm-none-eabi/12.2 rel1/bin/../lib/gcc/arm-none-eabi/12.2.1/thumb/v7-m/nofp\libc_nano.a(libc_a-lock.o)
__retarget_lock_close_recursive                   c:/program files (x86)/arm gnu toolchain arm-none-eabi/12.2 rel1/bin/../lib/gcc/arm-none-eabi/12.2.1/thumb/v7-m/nofp\libc_nano.a(libc_a-lock.o)
__retarget_lock_init                              c:/program files (x86)/arm gnu toolchain arm-none-eabi/12.2 rel1/bin/../lib/gcc/arm-none-eabi/12.2.1/thumb/v7-m/nofp\libc_nano.a(libc_a-lock.o)
__retarget_lock_init_recursive                    c:/program files (x86)/arm gnu toolchain arm-none-eabi/12.2 rel1/bin/../lib/gcc/arm-none-eabi/12.2.1/thumb/v7-m/nofp\libc_nano.a(libc_a-lock.o)
                                                  c:/program files (x86)/arm gnu toolchain arm-none-eabi/12.2 rel1/bin/../lib/gcc/arm-none-eabi/12.2.1/thumb/v7-m/nofp\libc_nano.a(libc_a-findfp.o)
__retarget_lock_release                           c:/program files (x86)/arm gnu toolchain arm-none-eabi/12.2 rel1/bin/../lib/gcc/arm-none-eabi/12.2.1/thumb/v7-m/nofp\libc_nano.a(libc_a-lock.o)
__retarget_lock_release_recursive                 c:/program files (x86)/arm gnu toolchain arm-none-eabi/12.2 rel1/bin/../lib/gcc/arm-none-eabi/12.2.1/thumb/v7-m/nofp\libc_nano.a(libc_a-lock.o)
                                                  c:/program files (x86)/arm gnu toolchain arm-none-eabi/12.2 rel1/bin/../lib/gcc/arm-none-eabi/12.2.1/thumb/v7-m/nofp\libc_nano.a(libc_a-fflush.o)
                                                  c:/program files (x86)/arm gnu toolchain arm-none-eabi/12.2 rel1/bin/../lib/gcc/arm-none-eabi/12.2.1/thumb/v7-m/nofp\libc_nano.a(libc_a-mlock.o)
                                                  c:/program files (x86)/arm gnu toolchain arm-none-eabi/12.2 rel1/bin/../lib/gcc/arm-none-eabi/12.2.1/thumb/v7-m/nofp\libc_nano.a(libc_a-findfp.o)
__retarget_lock_try_acquire                       c:/program files (x86)/arm gnu toolchain arm-none-eabi/12.2 rel1/bin/../lib/gcc/arm-none-eabi/12.2.1/thumb/v7-m/nofp\libc_nano.a(libc_a-lock.o)
__retarget_lock_try_acquire_recursive             c:/program files (x86)/arm gnu toolchain arm-none-eabi/12.2 rel1/bin/../lib/gcc/arm-none-eabi/12.2.1/thumb/v7-m/nofp\libc_nano.a(libc_a-lock.o)
__sclose                                          c:/program files (x86)/arm gnu toolchain arm-none-eabi/12.2 rel1/bin/../lib/gcc/arm-none-eabi/12.2.1/thumb/v7-m/nofp\libc_nano.a(libc_a-stdio.o)
                                                  c:/program files (x86)/arm gnu toolchain arm-none-eabi/12.2 rel1/bin/../lib/gcc/arm-none-eabi/12.2.1/thumb/v7-m/nofp\libc_nano.a(libc_a-findfp.o)
__seofread                                        c:/program files (x86)/arm gnu toolchain arm-none-eabi/12.2 rel1/bin/../lib/gcc/arm-none-eabi/12.2.1/thumb/v7-m/nofp\libc_nano.a(libc_a-stdio.o)
__sf                                              c:/program files (x86)/arm gnu toolchain arm-none-eabi/12.2 rel1/bin/../lib/gcc/arm-none-eabi/12.2.1/thumb/v7-m/nofp\libc_nano.a(libc_a-findfp.o)
                                                  c:/program files (x86)/arm gnu toolchain arm-none-eabi/12.2 rel1/bin/../lib/gcc/arm-none-eabi/12.2.1/thumb/v7-m/nofp\libc_nano.a(libc_a-impure.o)
__sflush_r                                        c:/program files (x86)/arm gnu toolchain arm-none-eabi/12.2 rel1/bin/../lib/gcc/arm-none-eabi/12.2.1/thumb/v7-m/nofp\libc_nano.a(libc_a-fflush.o)
__sfp                                             c:/program files (x86)/arm gnu toolchain arm-none-eabi/12.2 rel1/bin/../lib/gcc/arm-none-eabi/12.2.1/thumb/v7-m/nofp\libc_nano.a(libc_a-findfp.o)
__sfp_lock_acquire                                c:/program files (x86)/arm gnu toolchain arm-none-eabi/12.2 rel1/bin/../lib/gcc/arm-none-eabi/12.2.1/thumb/v7-m/nofp\libc_nano.a(libc_a-findfp.o)
__sfp_lock_release                                c:/program files (x86)/arm gnu toolchain arm-none-eabi/12.2 rel1/bin/../lib/gcc/arm-none-eabi/12.2.1/thumb/v7-m/nofp\libc_nano.a(libc_a-findfp.o)
__sglue                                           c:/program files (x86)/arm gnu toolchain arm-none-eabi/12.2 rel1/bin/../lib/gcc/arm-none-eabi/12.2.1/thumb/v7-m/nofp\libc_nano.a(libc_a-findfp.o)
                                                  c:/program files (x86)/arm gnu toolchain arm-none-eabi/12.2 rel1/bin/../lib/gcc/arm-none-eabi/12.2.1/thumb/v7-m/nofp\libc_nano.a(libc_a-fflush.o)
__sinit                                           c:/program files (x86)/arm gnu toolchain arm-none-eabi/12.2 rel1/bin/../lib/gcc/arm-none-eabi/12.2.1/thumb/v7-m/nofp\libc_nano.a(libc_a-findfp.o)
                                                  c:/program files (x86)/arm gnu toolchain arm-none-eabi/12.2 rel1/bin/../lib/gcc/arm-none-eabi/12.2.1/thumb/v7-m/nofp\libc_nano.a(libc_a-fflush.o)
__sread                                           c:/program files (x86)/arm gnu toolchain arm-none-eabi/12.2 rel1/bin/../lib/gcc/arm-none-eabi/12.2.1/thumb/v7-m/nofp\libc_nano.a(libc_a-stdio.o)
                                                  c:/program files (x86)/arm gnu toolchain arm-none-eabi/12.2 rel1/bin/../lib/gcc/arm-none-eabi/12.2.1/thumb/v7-m/nofp\libc_nano.a(libc_a-findfp.o)
__sseek                                           c:/program files (x86)/arm gnu toolchain arm-none-eabi/12.2 rel1/bin/../lib/gcc/arm-none-eabi/12.2.1/thumb/v7-m/nofp\libc_nano.a(libc_a-stdio.o)
                                                  c:/program files (x86)/arm gnu toolchain arm-none-eabi/12.2 rel1/bin/../lib/gcc/arm-none-eabi/12.2.1/thumb/v7-m/nofp\libc_nano.a(libc_a-findfp.o)
__stack                                           c:/program files (x86)/arm gnu toolchain arm-none-eabi/12.2 rel1/bin/../lib/gcc/arm-none-eabi/12.2.1/thumb/v7-m/nofp/crt0.o
__stdio_exit_handler                              c:/program files (x86)/arm gnu toolchain arm-none-eabi/12.2 rel1/bin/../lib/gcc/arm-none-eabi/12.2.1/thumb/v7-m/nofp\libc_nano.a(libc_a-findfp.o)
                                                  c:/program files (x86)/arm gnu toolchain arm-none-eabi/12.2 rel1/bin/../lib/gcc/arm-none-eabi/12.2.1/thumb/v7-m/nofp\libc_nano.a(libc_a-exit.o)
__swrite                                          c:/program files (x86)/arm gnu toolchain arm-none-eabi/12.2 rel1/bin/../lib/gcc/arm-none-eabi/12.2.1/thumb/v7-m/nofp\libc_nano.a(libc_a-stdio.o)
                                                  c:/program files (x86)/arm gnu toolchain arm-none-eabi/12.2 rel1/bin/../lib/gcc/arm-none-eabi/12.2.1/thumb/v7-m/nofp\libc_nano.a(libc_a-findfp.o)
_close                                            c:/program files (x86)/arm gnu toolchain arm-none-eabi/12.2 rel1/bin/../lib/gcc/arm-none-eabi/12.2.1/thumb/v7-m/nofp\libnosys.a(close.o)
                                                  c:/program files (x86)/arm gnu toolchain arm-none-eabi/12.2 rel1/bin/../lib/gcc/arm-none-eabi/12.2.1/thumb/v7-m/nofp\libc_nano.a(libc_a-closer.o)
_close_r                                          c:/program files (x86)/arm gnu toolchain arm-none-eabi/12.2 rel1/bin/../lib/gcc/arm-none-eabi/12.2.1/thumb/v7-m/nofp\libc_nano.a(libc_a-closer.o)
                                                  c:/program files (x86)/arm gnu toolchain arm-none-eabi/12.2 rel1/bin/../lib/gcc/arm-none-eabi/12.2.1/thumb/v7-m/nofp\libc_nano.a(libc_a-stdio.o)
_ebss                                             build/startup_stm32f103xe.o
_edata                                            build/startup_stm32f103xe.o
_estack                                           build/startup_stm32f103xe.o
_exit                                             c:/program files (x86)/arm gnu toolchain arm-none-eabi/12.2 rel1/bin/../lib/gcc/arm-none-eabi/12.2.1/thumb/v7-m/nofp\libnosys.a(_exit.o)
                                                  c:/program files (x86)/arm gnu toolchain arm-none-eabi/12.2 rel1/bin/../lib/gcc/arm-none-eabi/12.2.1/thumb/v7-m/nofp\libc_nano.a(libc_a-exit.o)
_fflush_r                                         c:/program files (x86)/arm gnu toolchain arm-none-eabi/12.2 rel1/bin/../lib/gcc/arm-none-eabi/12.2.1/thumb/v7-m/nofp\libc_nano.a(libc_a-fflush.o)
                                                  c:/program files (x86)/arm gnu toolchain arm-none-eabi/12.2 rel1/bin/../lib/gcc/arm-none-eabi/12.2.1/thumb/v7-m/nofp\libc_nano.a(libc_a-findfp.o)
_fini                                             c:/program files (x86)/arm gnu toolchain arm-none-eabi/12.2 rel1/bin/../lib/gcc/arm-none-eabi/12.2.1/thumb/v7-m/nofp/crti.o
_free_r                                           c:/program files (x86)/arm gnu toolchain arm-none-eabi/12.2 rel1/bin/../lib/gcc/arm-none-eabi/12.2.1/thumb/v7-m/nofp\libc_nano.a(libc_a-freer.o)
                                                  c:/program files (x86)/arm gnu toolchain arm-none-eabi/12.2 rel1/bin/../lib/gcc/arm-none-eabi/12.2.1/thumb/v7-m/nofp\libc_nano.a(libc_a-fflush.o)
                                                  c:/program files (x86)/arm gnu toolchain arm-none-eabi/12.2 rel1/bin/../lib/gcc/arm-none-eabi/12.2.1/thumb/v7-m/nofp\libc_nano.a(libc_a-reent.o)
_fwalk_sglue                                      c:/program files (x86)/arm gnu toolchain arm-none-eabi/12.2 rel1/bin/../lib/gcc/arm-none-eabi/12.2.1/thumb/v7-m/nofp\libc_nano.a(libc_a-fwalk.o)
                                                  c:/program files (x86)/arm gnu toolchain arm-none-eabi/12.2 rel1/bin/../lib/gcc/arm-none-eabi/12.2.1/thumb/v7-m/nofp\libc_nano.a(libc_a-fflush.o)
                                                  c:/program files (x86)/arm gnu toolchain arm-none-eabi/12.2 rel1/bin/../lib/gcc/arm-none-eabi/12.2.1/thumb/v7-m/nofp\libc_nano.a(libc_a-findfp.o)
_impure_data                                      c:/program files (x86)/arm gnu toolchain arm-none-eabi/12.2 rel1/bin/../lib/gcc/arm-none-eabi/12.2.1/thumb/v7-m/nofp\libc_nano.a(libc_a-impure.o)
                                                  c:/program files (x86)/arm gnu toolchain arm-none-eabi/12.2 rel1/bin/../lib/gcc/arm-none-eabi/12.2.1/thumb/v7-m/nofp\libc_nano.a(libc_a-fflush.o)
                                                  c:/program files (x86)/arm gnu toolchain arm-none-eabi/12.2 rel1/bin/../lib/gcc/arm-none-eabi/12.2.1/thumb/v7-m/nofp\libc_nano.a(libc_a-findfp.o)
_impure_ptr                                       c:/program files (x86)/arm gnu toolchain arm-none-eabi/12.2 rel1/bin/../lib/gcc/arm-none-eabi/12.2.1/thumb/v7-m/nofp\libc_nano.a(libc_a-impure.o)
                                                  c:/program files (x86)/arm gnu toolchain arm-none-eabi/12.2 rel1/bin/../lib/gcc/arm-none-eabi/12.2.1/thumb/v7-m/nofp\libc_nano.a(libc_a-fflush.o)
                                                  c:/program files (x86)/arm gnu toolchain arm-none-eabi/12.2 rel1/bin/../lib/gcc/arm-none-eabi/12.2.1/thumb/v7-m/nofp\libc_nano.a(libc_a-reent.o)
_init                                             c:/program files (x86)/arm gnu toolchain arm-none-eabi/12.2 rel1/bin/../lib/gcc/arm-none-eabi/12.2.1/thumb/v7-m/nofp/crti.o
                                                  c:/program files (x86)/arm gnu toolchain arm-none-eabi/12.2 rel1/bin/../lib/gcc/arm-none-eabi/12.2.1/thumb/v7-m/nofp\libc_nano.a(libc_a-init.o)
_lseek                                            c:/program files (x86)/arm gnu toolchain arm-none-eabi/12.2 rel1/bin/../lib/gcc/arm-none-eabi/12.2.1/thumb/v7-m/nofp\libnosys.a(lseek.o)
                                                  c:/program files (x86)/arm gnu toolchain arm-none-eabi/12.2 rel1/bin/../lib/gcc/arm-none-eabi/12.2.1/thumb/v7-m/nofp\libc_nano.a(libc_a-lseekr.o)
_lseek_r                                          c:/program files (x86)/arm gnu toolchain arm-none-eabi/12.2 rel1/bin/../lib/gcc/arm-none-eabi/12.2.1/thumb/v7-m/nofp\libc_nano.a(libc_a-lseekr.o)
                                                  c:/program files (x86)/arm gnu toolchain arm-none-eabi/12.2 rel1/bin/../lib/gcc/arm-none-eabi/12.2.1/thumb/v7-m/nofp\libc_nano.a(libc_a-stdio.o)
_mainCRTStartup                                   c:/program files (x86)/arm gnu toolchain arm-none-eabi/12.2 rel1/bin/../lib/gcc/arm-none-eabi/12.2.1/thumb/v7-m/nofp/crt0.o
_malloc_r                                         c:/program files (x86)/arm gnu toolchain arm-none-eabi/12.2 rel1/bin/../lib/gcc/arm-none-eabi/12.2.1/thumb/v7-m/nofp\libc_nano.a(libc_a-mallocr.o)
                                                  c:/program files (x86)/arm gnu toolchain arm-none-eabi/12.2 rel1/bin/../lib/gcc/arm-none-eabi/12.2.1/thumb/v7-m/nofp\libc_nano.a(libc_a-findfp.o)
_read                                             c:/program files (x86)/arm gnu toolchain arm-none-eabi/12.2 rel1/bin/../lib/gcc/arm-none-eabi/12.2.1/thumb/v7-m/nofp\libnosys.a(read.o)
                                                  c:/program files (x86)/arm gnu toolchain arm-none-eabi/12.2 rel1/bin/../lib/gcc/arm-none-eabi/12.2.1/thumb/v7-m/nofp\libc_nano.a(libc_a-readr.o)
_read_r                                           c:/program files (x86)/arm gnu toolchain arm-none-eabi/12.2 rel1/bin/../lib/gcc/arm-none-eabi/12.2.1/thumb/v7-m/nofp\libc_nano.a(libc_a-readr.o)
                                                  c:/program files (x86)/arm gnu toolchain arm-none-eabi/12.2 rel1/bin/../lib/gcc/arm-none-eabi/12.2.1/thumb/v7-m/nofp\libc_nano.a(libc_a-stdio.o)
_reclaim_reent                                    c:/program files (x86)/arm gnu toolchain arm-none-eabi/12.2 rel1/bin/../lib/gcc/arm-none-eabi/12.2.1/thumb/v7-m/nofp\libc_nano.a(libc_a-reent.o)
_sbrk                                             c:/program files (x86)/arm gnu toolchain arm-none-eabi/12.2 rel1/bin/../lib/gcc/arm-none-eabi/12.2.1/thumb/v7-m/nofp\libnosys.a(sbrk.o)
                                                  c:/program files (x86)/arm gnu toolchain arm-none-eabi/12.2 rel1/bin/../lib/gcc/arm-none-eabi/12.2.1/thumb/v7-m/nofp\libc_nano.a(libc_a-sbrkr.o)
_sbrk_r                                           c:/program files (x86)/arm gnu toolchain arm-none-eabi/12.2 rel1/bin/../lib/gcc/arm-none-eabi/12.2.1/thumb/v7-m/nofp\libc_nano.a(libc_a-sbrkr.o)
                                                  c:/program files (x86)/arm gnu toolchain arm-none-eabi/12.2 rel1/bin/../lib/gcc/arm-none-eabi/12.2.1/thumb/v7-m/nofp\libc_nano.a(libc_a-mallocr.o)
_sbss                                             build/startup_stm32f103xe.o
_sdata                                            build/startup_stm32f103xe.o
_sidata                                           build/startup_stm32f103xe.o
_stack_init                                       c:/program files (x86)/arm gnu toolchain arm-none-eabi/12.2 rel1/bin/../lib/gcc/arm-none-eabi/12.2.1/thumb/v7-m/nofp/crt0.o
_start                                            c:/program files (x86)/arm gnu toolchain arm-none-eabi/12.2 rel1/bin/../lib/gcc/arm-none-eabi/12.2.1/thumb/v7-m/nofp/crt0.o
_write                                            c:/program files (x86)/arm gnu toolchain arm-none-eabi/12.2 rel1/bin/../lib/gcc/arm-none-eabi/12.2.1/thumb/v7-m/nofp\libnosys.a(write.o)
                                                  c:/program files (x86)/arm gnu toolchain arm-none-eabi/12.2 rel1/bin/../lib/gcc/arm-none-eabi/12.2.1/thumb/v7-m/nofp\libc_nano.a(libc_a-writer.o)
_write_r                                          c:/program files (x86)/arm gnu toolchain arm-none-eabi/12.2 rel1/bin/../lib/gcc/arm-none-eabi/12.2.1/thumb/v7-m/nofp\libc_nano.a(libc_a-writer.o)
                                                  c:/program files (x86)/arm gnu toolchain arm-none-eabi/12.2 rel1/bin/../lib/gcc/arm-none-eabi/12.2.1/thumb/v7-m/nofp\libc_nano.a(libc_a-stdio.o)
atexit                                            c:/program files (x86)/arm gnu toolchain arm-none-eabi/12.2 rel1/bin/../lib/gcc/arm-none-eabi/12.2.1/thumb/v7-m/nofp/crt0.o
end                                               c:/program files (x86)/arm gnu toolchain arm-none-eabi/12.2 rel1/bin/../lib/gcc/arm-none-eabi/12.2.1/thumb/v7-m/nofp\libnosys.a(sbrk.o)
errno                                             c:/program files (x86)/arm gnu toolchain arm-none-eabi/12.2 rel1/bin/../lib/gcc/arm-none-eabi/12.2.1/thumb/v7-m/nofp\libc_nano.a(libc_a-reent.o)
                                                  c:/program files (x86)/arm gnu toolchain arm-none-eabi/12.2 rel1/bin/../lib/gcc/arm-none-eabi/12.2.1/thumb/v7-m/nofp\libnosys.a(write.o)
                                                  c:/program files (x86)/arm gnu toolchain arm-none-eabi/12.2 rel1/bin/../lib/gcc/arm-none-eabi/12.2.1/thumb/v7-m/nofp\libnosys.a(read.o)
                                                  c:/program files (x86)/arm gnu toolchain arm-none-eabi/12.2 rel1/bin/../lib/gcc/arm-none-eabi/12.2.1/thumb/v7-m/nofp\libnosys.a(lseek.o)
                                                  c:/program files (x86)/arm gnu toolchain arm-none-eabi/12.2 rel1/bin/../lib/gcc/arm-none-eabi/12.2.1/thumb/v7-m/nofp\libnosys.a(close.o)
                                                  c:/program files (x86)/arm gnu toolchain arm-none-eabi/12.2 rel1/bin/../lib/gcc/arm-none-eabi/12.2.1/thumb/v7-m/nofp\libc_nano.a(libc_a-sbrkr.o)
                                                  c:/program files (x86)/arm gnu toolchain arm-none-eabi/12.2 rel1/bin/../lib/gcc/arm-none-eabi/12.2.1/thumb/v7-m/nofp\libc_nano.a(libc_a-writer.o)
                                                  c:/program files (x86)/arm gnu toolchain arm-none-eabi/12.2 rel1/bin/../lib/gcc/arm-none-eabi/12.2.1/thumb/v7-m/nofp\libc_nano.a(libc_a-readr.o)
                                                  c:/program files (x86)/arm gnu toolchain arm-none-eabi/12.2 rel1/bin/../lib/gcc/arm-none-eabi/12.2.1/thumb/v7-m/nofp\libc_nano.a(libc_a-lseekr.o)
                                                  c:/program files (x86)/arm gnu toolchain arm-none-eabi/12.2 rel1/bin/../lib/gcc/arm-none-eabi/12.2.1/thumb/v7-m/nofp\libc_nano.a(libc_a-closer.o)
exit                                              c:/program files (x86)/arm gnu toolchain arm-none-eabi/12.2 rel1/bin/../lib/gcc/arm-none-eabi/12.2.1/thumb/v7-m/nofp\libc_nano.a(libc_a-exit.o)
                                                  c:/program files (x86)/arm gnu toolchain arm-none-eabi/12.2 rel1/bin/../lib/gcc/arm-none-eabi/12.2.1/thumb/v7-m/nofp/crt0.o
fflush                                            c:/program files (x86)/arm gnu toolchain arm-none-eabi/12.2 rel1/bin/../lib/gcc/arm-none-eabi/12.2.1/thumb/v7-m/nofp\libc_nano.a(libc_a-fflush.o)
g_pfnVectors                                      build/startup_stm32f103xe.o
hardware_init_hook                                c:/program files (x86)/arm gnu toolchain arm-none-eabi/12.2 rel1/bin/../lib/gcc/arm-none-eabi/12.2.1/thumb/v7-m/nofp/crt0.o
main                                              build/main.o
                                                  build/startup_stm32f103xe.o
                                                  c:/program files (x86)/arm gnu toolchain arm-none-eabi/12.2 rel1/bin/../lib/gcc/arm-none-eabi/12.2.1/thumb/v7-m/nofp/crt0.o
memset                                            c:/program files (x86)/arm gnu toolchain arm-none-eabi/12.2 rel1/bin/../lib/gcc/arm-none-eabi/12.2.1/thumb/v7-m/nofp\libc_nano.a(libc_a-memset.o)
                                                  c:/program files (x86)/arm gnu toolchain arm-none-eabi/12.2 rel1/bin/../lib/gcc/arm-none-eabi/12.2.1/thumb/v7-m/nofp\libc_nano.a(libc_a-findfp.o)
                                                  build/main.o
                                                  c:/program files (x86)/arm gnu toolchain arm-none-eabi/12.2 rel1/bin/../lib/gcc/arm-none-eabi/12.2.1/thumb/v7-m/nofp/crt0.o
pFlash                                            build/stm32f1xx_hal_flash.o
                                                  build/stm32f1xx_hal_flash_ex.o
software_init_hook                                c:/program files (x86)/arm gnu toolchain arm-none-eabi/12.2 rel1/bin/../lib/gcc/arm-none-eabi/12.2.1/thumb/v7-m/nofp/crt0.o
uwTick                                            build/stm32f1xx_hal.o
uwTickFreq                                        build/stm32f1xx_hal.o
uwTickPrio                                        build/stm32f1xx_hal.o
                                                  build/stm32f1xx_hal_rcc.o
